// Jest Snapshot v1, https://goo.gl/fbAQLP

exports[`Search component should match snapshot 1`] = `
<DocumentFragment>
  <div
    class="searchContainer"
  >
    <h2>
      FIND YOUR MOVIE
    </h2>
    <input
      placeholder="Search any Movie..."
      type="text"
      value=""
    />
    <button
      class="appBtn"
      type="submit"
    >
      submit
    </button>
  </div>
</DocumentFragment>
`;
